[    1614ms] [ERROR] A tree hydrated but some attributes of the server rendered HTML didn't match the client properties. This won't be patched up. This can happen if a SSR-ed Client Component used:

- A server/client branch `if (typeof window !== 'undefined')`.
- Variable input such as `Date.now()` or `Math.random()` which changes each time it's called.
- Date formatting in a user's locale which doesn't match the server.
- External changing data without sending a snapshot of it along with the HTML.
- Invalid HTML tag nesting.

It can also happen if the client has a browser extension installed which messes with the HTML before React loaded.

%s%s https://react.dev/link/hydration-mismatch 

  ...
    <header className="sticky top...">
      <a>
      <div className="container ...">
        <LinkComponent>
        <nav>
        <div className="flex items...">
          <XPBar>
          <AchievementPanel>
          <TerminalToggle>
          ...
            <DropdownMenuTrigger asChild={true}>
              <DropdownMenuTrigger data-slot="dropdown-m..." asChild={true}>
                <MenuAnchor asChild={true} __scopeMenu={{Menu:[...], ...}}>
                  <PopperAnchor __scopePopper={{Menu:[...], ...}} asChild={true} ref={null}>
                    <Primitive.div asChild={true} ref={function}>
                      <Primitive.div.Slot ref={function}>
                        <Primitive.div.SlotClone ref={function}>
                          <Primitive.button type="button" id="radix-_R_9..." aria-haspopup="menu" aria-expanded={false} ...>
                            <Primitive.button.Slot type="button" id="radix-_R_9..." aria-haspopup="menu" ...>
                              <Primitive.button.SlotClone type="button" id="radix-_R_9..." aria-haspopup="menu" ...>
                                <Button variant="ghost" size="icon" className="h-8 w-8 ro..." aria-label="Change col..." ...>
                                  <button
                                    data-slot="dropdown-menu-trigger"
                                    data-variant="ghost"
                                    data-size="icon"
                                    className={"inline-flex items-center justify-center gap-2 whitespace-nowrap text-..."}
                                    aria-label="Change color scheme"
                                    type="button"
+                                   id="radix-_R_9qitiqlb_"
-                                   id="radix-_R_2eaitiqlb_"
                                    aria-haspopup="menu"
                                    aria-expanded={false}
                                    aria-controls={undefined}
                                    data-state="closed"
                                    data-disabled={undefined}
                                    disabled={false}
                                    onPointerDown={function handleEvent}
                                    onKeyDown={function handleEvent}
                                    ref={function}
                                  >
          <Button>
          <UserMenu>
          <div className="md:hidden">
            <MobileNav>
              <Sheet open={false} onOpenChange={function bound dispatchSetState}>
                <Dialog data-slot="sheet" open={false} onOpenChange={function bound dispatchSetState}>
                  <DialogProvider scope={undefined} triggerRef={{current:null}} contentRef={{current:null}} ...>
                    <SheetTrigger asChild={true}>
                      <DialogTrigger data-slot="sheet-trigger" asChild={true}>
                        <Primitive.button type="button" aria-haspopup="dialog" aria-expanded={false} ...>
                          <Primitive.button.Slot type="button" aria-haspopup="dialog" aria-expanded={false} ...>
                            <Primitive.button.SlotClone type="button" aria-haspopup="dialog" aria-expanded={false} ...>
                              <Button variant="ghost" size="icon" type="button" aria-haspopup="dialog" ...>
                                <button
                                  data-slot="sheet-trigger"
                                  data-variant="ghost"
                                  data-size="icon"
                                  className={"inline-flex items-center justify-center gap-2 whitespace-nowrap rounded..."}
                                  type="button"
                                  aria-haspopup="dialog"
                                  aria-expanded={false}
+                                 aria-controls="radix-_R_fqitiqlb_"
-                                 aria-controls="radix-_R_3uaitiqlb_"
                                  data-state="closed"
                                  onClick={function handleEvent}
                                  ref={function}
                                >
                    ...
 @ http://localhost:3000/_next/static/chunks/node_modules_next_dist_b0daae9a._.js:2359
